// Jest Snapshot v1, https://goo.gl/fbAQLP

exports[`App Component renders without crashing 1`] = `
Array [
  <header
    className="MuiPaper-root MuiPaper-elevation4 MuiAppBar-root MuiAppBar-positionFixed MuiAppBar-colorPrimary mui-fixed"
  >
    <div
      className="MuiToolbar-root MuiToolbar-regular MuiToolbar-gutters"
    >
      <button
        className="MuiButtonBase-root MuiIconButton-root HeaderComponent-menuButton-4 MuiIconButton-colorInherit"
        disabled={false}
        onBlur={[Function]}
        onClick={[Function]}
        onDragLeave={[Function]}
        onFocus={[Function]}
        onKeyDown={[Function]}
        onKeyUp={[Function]}
        onMouseDown={[Function]}
        onMouseLeave={[Function]}
        onMouseUp={[Function]}
        onTouchEnd={[Function]}
        onTouchMove={[Function]}
        onTouchStart={[Function]}
        tabIndex={0}
        type="button"
      >
        <span
          className="MuiIconButton-label"
        >
          <svg
            aria-hidden="true"
            className="MuiSvgIcon-root"
            focusable="false"
            role="presentation"
            viewBox="0 0 24 24"
          >
            <path
              d="M3 18h18v-2H3v2zm0-5h18v-2H3v2zm0-7v2h18V6H3z"
            />
          </svg>
        </span>
      </button>
      <h6
        className="MuiTypography-root HeaderComponent-grow-3 MuiTypography-h6 MuiTypography-colorInherit"
      >
        <span>
          Web payroll
        </span>
      </h6>
    </div>
  </header>,
  <div
    className="MainContainerComponent-container-1"
  >
    <div
      className="ProductSectionComponent-section-108"
    >
      <div
        className="MuiGrid-root GridContainerComponent-grid-111 MuiGrid-container MuiGrid-justify-xs-center"
      >
        <div
          className="MuiGrid-root GridItemComponent-grid-215  MuiGrid-item MuiGrid-grid-xs-12 MuiGrid-grid-sm-12 MuiGrid-grid-md-8"
        >
          <h2
            className="ProductSectionComponent-title-109"
          >
            Let\`s talk product
          </h2>
          <h6
            className="MuiTypography-root MuiTypography-h6 MuiTypography-alignCenter"
          >
            This is the paragraph where you can write more details about your.
          </h6>
        </div>
      </div>
      <div
        className="MuiGrid-root GridContainerComponent-grid-111 MuiGrid-container"
      >
        <div
          className="MuiGrid-root GridItemComponent-grid-215  MuiGrid-item MuiGrid-grid-xs-12 MuiGrid-grid-sm-12 MuiGrid-grid-md-4"
        >
          <div
            className="InfoAreaComponent-infoArea-216"
          >
            <div
              className="InfoAreaComponent-iconWrapper-217 undefined InfoAreaComponent-iconWrapperVertical-221"
            >
              <span
                aria-hidden={true}
                className="material-icons MuiIcon-root fa fa-commenting-o"
              />
            </div>
            <div
              className="InfoAreaComponent-descriptionWrapper-219"
            >
              <h4>
                Free Chat
              </h4>
              <p
                className="InfoAreaComponent-description-220"
              >
                
              </p>
            </div>
          </div>
        </div>
        <div
          className="MuiGrid-root GridItemComponent-grid-215  MuiGrid-item MuiGrid-grid-xs-12 MuiGrid-grid-sm-12 MuiGrid-grid-md-4"
        >
          <div
            className="InfoAreaComponent-infoArea-216"
          >
            <div
              className="InfoAreaComponent-iconWrapper-217 undefined InfoAreaComponent-iconWrapperVertical-221"
            >
              <span
                aria-hidden={true}
                className="material-icons MuiIcon-root fa fa-user-circle-o"
              />
            </div>
            <div
              className="InfoAreaComponent-descriptionWrapper-219"
            >
              <h4>
                Verified Users
              </h4>
              <p
                className="InfoAreaComponent-description-220"
              >
                
              </p>
            </div>
          </div>
        </div>
        <div
          className="MuiGrid-root GridItemComponent-grid-215  MuiGrid-item MuiGrid-grid-xs-12 MuiGrid-grid-sm-12 MuiGrid-grid-md-4"
        >
          <div
            className="InfoAreaComponent-infoArea-216"
          >
            <div
              className="InfoAreaComponent-iconWrapper-217 undefined InfoAreaComponent-iconWrapperVertical-221"
            >
              <span
                aria-hidden={true}
                className="material-icons MuiIcon-root fa fa-hand-o-up"
              />
            </div>
            <div
              className="InfoAreaComponent-descriptionWrapper-219"
            >
              <h4>
                Fingerprint
              </h4>
              <p
                className="InfoAreaComponent-description-220"
              >
                
              </p>
            </div>
          </div>
        </div>
      </div>
    </div>
  </div>,
]
`;
